Running in parallel on 20 cores
*** TESTING GRADIENT ADJOINT ***
Now performing an optimization...
start 0.25586122045304827
end 1.9502891070813617 1.9502885442009363 1e-09 7 0.2558612204530482

step size: 1e-09
Adjoint FOM: 1.9521019707102925
Adjoint gradient: [1759.97039417]

FD FOM: 1.950288825641149
FD gradient: [281.440212690498]

Now performing an optimization...
start 0.25586122045304827
end 1.9502882693391408 1.950289113786782 1e-08 7 0.25586122045304827

step size: 1e-08
Adjoint FOM: 1.9521020840309693
Adjoint gradient: [1759.96924888]

FD FOM: 1.9502886915629614
FD gradient: [-42.22238205731088]

Now performing an optimization...
start 0.25586122045304827
end 1.9502888606829618 1.9502885619320127 1e-07 7 0.25586122045304827

step size: 1e-07
Adjoint FOM: 1.9521017250032267
Adjoint gradient: [1759.95929662]

FD FOM: 1.9502887113074872
FD gradient: [1.4937547454518807]

Now performing an optimization...
start 0.25586122045304827
end 1.950288725962231 1.9502892860989016 1e-06 7 0.2558612204530483

step size: 1e-06
Adjoint FOM: 1.9521019891559515
Adjoint gradient: [1759.87182214]

FD FOM: 1.9502890060305664
FD gradient: [-0.28006833530103137]

Now performing an optimization...
start 0.25586122045304827
end 1.950289099815777 1.9502884759608332 1e-05 7 0.25586122045304827

step size: 1e-05
Adjoint FOM: 1.9521016078609443
Adjoint gradient: [1758.95297874]

FD FOM: 1.950288787888305
FD gradient: [0.031192747185215804]

Now performing an optimization...
start 0.25586122045304827
end 1.9502893188122274 1.950287738887216 0.0001 7 0.25586122045304827

step size: 0.0001
Adjoint FOM: 1.9521007936356338
Adjoint gradient: [1749.80571007]

FD FOM: 1.9502885288497218
FD gradient: [0.007899625057428139]

Now performing an optimization...
start 0.25586122045304827
end 1.9503001270333926 1.9502792812260723 0.001 7 0.25586122045304827

step size: 0.001
Adjoint FOM: 1.9521013937591878
Adjoint gradient: [1657.68184661]

FD FOM: 1.9502897041297325
FD gradient: [0.010422903660156635]

Now performing an optimization...
start 0.25586122045304827
..
----------------------------------------------------------------------
Ran 2 tests in 3131.112s

OK
..
----------------------------------------------------------------------
Ran 2 tests in 3131.182s

OK
..
----------------------------------------------------------------------
Ran 2 tests in 3131.009s

OK
....
----------------------------------------------------------------------
Ran 2 tests in 3131.128s

OK
..
----------------------------------------------------------------------
Ran 2 tests in 3131.117s

OK
..
----------------------------------------------------------------------
Ran 2 tests in 3131.218s

OK
..
----------------------------------------------------------------------
Ran 2 tests in 3131.034s

OK
..
----------------------------------------------------------------------
Ran 2 tests in 3131.115s

OK
..
----------------------------------------------------------------------
Ran 2 tests in 3131.103s

OK
..
----------------------------------------------------------------------
Ran 2 tests in 3131.128s

OK

----------------------------------------------------------------------
Ran 2 tests in 3131.130s

OK
....
----------------------------------------------------------------------
Ran 2 tests in 3131.066s

OK

----------------------------------------------------------------------
Ran 2 tests in 3131.044s

OK
..
----------------------------------------------------------------------
Ran 2 tests in 3131.060s

OK
end 1.9504015721693662 1.9501728458477354 0.01 7 0.25586122045304827

step size: 0.01
Adjoint FOM: 1.9521017711263466
Adjoint gradient: [762.96758739]

FD FOM: 1.9502872090085508
FD gradient: [0.011436316081536724]

..
----------------------------------------------------------------------
Ran 2 tests in 3131.101s

OK
..
----------------------------------------------------------------------
Ran 2 tests in 3130.989s

OK
..
----------------------------------------------------------------------
Ran 2 tests in 3131.017s

OK
..
----------------------------------------------------------------------
Ran 2 tests in 3131.123s

OK
..
----------------------------------------------------------------------
Ran 2 tests in 3131.238s

OK
..
----------------------------------------------------------------------
Ran 2 tests in 3131.132s

OK
