Running in parallel on 20 cores
Now performing an optimization...
slurmstepd: error: *** JOB 48255886 ON m9-2-1 CANCELLED AT 2022-03-25T22:24:37 ***
