Running in parallel on 20 cores
Now performing an optimization...
Running in parallel on 20 cores
Now performing an optimization...
Now performing an optimization...
Adjoint run differential: -7.6696163594147e-08
Finite difference differential: -0.003107604880683068
