Running in parallel on 20 cores
*** TESTING GRADIENT ADJOINT ***
Now performing an optimization...
0 0 1e-10 7 0.2558612205530483
0 0 1e-10 7 0.2558612205530483
0 0 1e-10 7 0.2558612205530483
0 0 1e-10 7 0.2558612205530483
0 0 1e-10 7 0.2558612205530483
0 0 1e-10 7 0.2558612205530483
0 0 1e-10 7 0.2558612205530483
0 0 1e-10 7 0.2558612205530483
0 0 1e-10 7 0.2558612205530483
0 0 1e-10 7 0.2558612205530483
0 0 1e-10 7 0.2558612205530483
1.9502885287834428 1.9502886545506153 1e-10 7 0.2558612205530483

step size: 1e-10
Adjoint FOM: 1.9521019707102925
Adjoint gradient: [1759.97286517]

FD FOM: 1.9502885916670292
FD gradient: [-628.8358622708046]

0 0 1e-10 7 0.2558612205530483
0 0 1e-10 7 0.2558612205530483
0 0 1e-10 7 0.2558612205530483
0 0 1e-10 7 0.2558612205530483
0 0 1e-10 7 0.2558612205530483
0 0 1e-10 7 0.2558612205530483
0 0 1e-10 7 0.2558612205530483
0 0 1e-10 7 0.2558612205530483
Now performing an optimization...
0 0 1e-09 7 0.25586122145304824
0 0 1e-09 7 0.25586122145304824
0 0 1e-09 7 0.25586122145304824
0 0 1e-09 7 0.25586122145304824
0 0 1e-09 7 0.25586122145304824
0 0 1e-09 7 0.25586122145304824
0 0 1e-09 7 0.25586122145304824
0 0 1e-09 7 0.25586122145304824
0 0 1e-09 7 0.25586122145304824
0 0 1e-09 7 0.25586122145304824
0 0 1e-09 7 0.25586122145304824
0 0 1e-09 7 0.25586122145304824
0 0 1e-09 7 0.25586122145304824
0 0 1e-09 7 0.25586122145304824
0 0 1e-09 7 0.25586122145304824
0 0 1e-09 7 0.25586122145304824
0 0 1e-09 7 0.25586122145304824
0 0 1e-09 7 0.25586122145304824
1.950288838403842 1.9502891029961922 1e-09 7 0.25586122145304824

step size: 1e-09
Adjoint FOM: 1.9521020840309693
0 0 1e-09 7 0.25586122145304824
Adjoint gradient: [1759.97016227]

FD FOM: 1.950288970700017
FD gradient: [-132.296175126001]

Now performing an optimization...
0 0 1e-08 7 0.25586123045304826
0 0 1e-08 7 0.25586123045304826
0 0 1e-08 7 0.25586123045304826
0 0 1e-08 7 0.25586123045304826
0 0 1e-08 7 0.25586123045304826
0 0 1e-08 7 0.25586123045304826
0 0 1e-08 7 0.25586123045304826
0 0 1e-08 7 0.25586123045304826
0 0 1e-08 7 0.25586123045304826
0 0 1e-08 7 0.25586123045304826
0 0 1e-08 7 0.25586123045304826
0 0 1e-08 7 0.25586123045304826
0 0 1e-08 7 0.25586123045304826
0 0 1e-08 7 0.25586123045304826
0 0 1e-08 7 0.25586123045304826
0 0 1e-08 7 0.25586123045304826
0 0 1e-08 7 0.25586123045304826
0 0 1e-08 7 0.25586123045304826
0 0 1e-08 7 0.25586123045304826
1.950288570075113 1.9502893219465727 1e-08 7 0.25586123045304826

step size: 1e-08
Adjoint FOM: 1.9521017250032267
Adjoint gradient: [1759.96842848]

FD FOM: 1.9502889460108428
FD gradient: [-37.59357298793731]

Now performing an optimization...
0 0 1e-07 7 0.25586132045304827
0 0 1e-07 7 0.25586132045304827
0 0 1e-07 7 0.25586132045304827
0 0 1e-07 7 0.25586132045304827
0 0 1e-07 7 0.25586132045304827
0 0 1e-07 7 0.25586132045304827
0 0 1e-07 7 0.25586132045304827
0 0 1e-07 7 0.25586132045304827
0 0 1e-07 7 0.25586132045304827
0 0 1e-07 7 0.25586132045304827
0 0 1e-07 7 0.25586132045304827
0 0 1e-07 7 0.25586132045304827
0 0 1e-07 7 0.25586132045304827
0 0 1e-07 7 0.25586132045304827
0 0 1e-07 7 0.25586132045304827
0 0 1e-07 7 0.25586132045304827
0 0 1e-07 7 0.25586132045304827
1.9502889040300868 1.9502886704951437 1e-07 7 0.25586132045304827

step size: 1e-07
Adjoint FOM: 1.9521019891559515
Adjoint gradient: [1759.96325909]

FD FOM: 1.9502887872626151
FD gradient: [1.1676747158073653]

0 0 1e-07 7 0.25586132045304827
0 0 1e-07 7 0.25586132045304827
Now performing an optimization...
0 0 1e-06 7 0.2558622204530483
0 0 1e-06 7 0.2558622204530483
0 0 1e-06 7 0.2558622204530483
0 0 1e-06 7 0.2558622204530483
0 0 1e-06 7 0.2558622204530483
0 0 1e-06 7 0.2558622204530483
0 0 1e-06 7 0.2558622204530483
0 0 1e-06 7 0.2558622204530483
0 0 1e-06 7 0.2558622204530483
0 0 1e-06 7 0.2558622204530483
0 0 1e-06 7 0.2558622204530483
0 0 1e-06 7 0.2558622204530483
0 0 1e-06 7 0.2558622204530483
0 0 1e-06 7 0.2558622204530483
0 0 1e-06 7 0.2558622204530483
0 0 1e-06 7 0.2558622204530483
0 0 1e-06 7 0.2558622204530483
0 0 1e-06 7 0.2558622204530483
0 0 1e-06 7 0.2558622204530483
1.950289076699443 1.9502892948295023 1e-06 7 0.2558622204530483

step size: 1e-06
Adjoint FOM: 1.9521016078609443
Adjoint gradient: [1759.86740771]

FD FOM: 1.9502891857644726
FD gradient: [-0.10906502967422682]

Now performing an optimization...
0 0 1e-05 7 0.2558712204530483
0 0 1e-05 7 0.2558712204530483
0 0 1e-05 7 0.2558712204530483
0 0 1e-05 7 0.2558712204530483
0 0 1e-05 7 0.2558712204530483
0 0 1e-05 7 0.2558712204530483
0 0 1e-05 7 0.2558712204530483
0 0 1e-05 7 0.2558712204530483
0 0 1e-05 7 0.2558712204530483
0 0 1e-05 7 0.2558712204530483
0 0 1e-05 7 0.2558712204530483
0 0 1e-05 7 0.2558712204530483
0 0 1e-05 7 0.2558712204530483
0 0 1e-05 7 0.2558712204530483
0 0 1e-05 7 0.2558712204530483
0 0 1e-05 7 0.2558712204530483
0 0 1e-05 7 0.2558712204530483
0 0 1e-05 7 0.2558712204530483
0 0 1e-05 7 0.2558712204530483
1.950287949787063 1.9502874087858304 1e-05 7 0.2558712204530483

step size: 1e-05
Adjoint FOM: 1.9521007936356338
Adjoint gradient: [1758.95639413]

FD FOM: 1.9502876792864468
FD gradient: [0.02705006163505885]

Now performing an optimization...
0 0 0.0001 7 0.25596122045304825
0 0 0.0001 7 0.25596122045304825
0 0 0.0001 7 0.25596122045304825
0 0 0.0001 7 0.25596122045304825
0 0 0.0001 7 0.25596122045304825
0 0 0.0001 7 0.25596122045304825
0 0 0.0001 7 0.25596122045304825
0 0 0.0001 7 0.25596122045304825
0 0 0.0001 7 0.25596122045304825
0 0 0.0001 7 0.25596122045304825
0 0 0.0001 7 0.25596122045304825
0 0 0.0001 7 0.25596122045304825
0 0 0.0001 7 0.25596122045304825
0 0 0.0001 7 0.25596122045304825
0 0 0.0001 7 0.25596122045304825
0 0 0.0001 7 0.25596122045304825
0 0 0.0001 7 0.25596122045304825
0 0 0.0001 7 0.25596122045304825
1.9502822505824216 1.9502796119389278 0.0001 7 0.25596122045304825

step size: 0.0001
Adjoint FOM: 1.9521013937591878
Adjoint gradient: [1749.70089427]

FD FOM: 1.9502809312606746
FD gradient: [0.013193217468510099]

0 0 0.0001 7 0.25596122045304825
Now performing an optimization...
0 0 0.001 7 0.25686122045304827
0 0 0.001 7 0.25686122045304827
0 0 0.001 7 0.25686122045304827
0 0 0.001 7 0.25686122045304827
0 0 0.001 7 0.25686122045304827
0 0 0.001 7 0.25686122045304827
0 0 0.001 7 0.25686122045304827
0 0 0.001 7 0.25686122045304827
0 0 0.001 7 0.25686122045304827
0 0 0.001 7 0.25686122045304827
0 0 0.001 7 0.25686122045304827
0 0 0.001 7 0.25686122045304827
0 0 0.001 7 0.25686122045304827
0 0 0.001 7 0.25686122045304827
0 0 0.001 7 0.25686122045304827
0 0 0.001 7 0.25686122045304827
0 0 0.001 7 0.25686122045304827
0 0 0.001 7 0.25686122045304827
1.950215941095461 1.9501936212313273 0.001 7 0.25686122045304827

step size: 0.001
Adjoint FOM: 1.9521017711263466
Adjoint gradient: [1657.79273637]

FD FOM: 1.9502047811633942
FD gradient: [0.011159932066795442]

0 0 0.001 7 0.25686122045304827
Now performing an optimization...
0 0 0.01 7 0.2658612204530483
0 0 0.01 7 0.2658612204530483
0 0 0.01 7 0.2658612204530483
0 0 0.01 7 0.2658612204530483
0 0 0.01 7 0.2658612204530483
0 0 0.01 7 0.2658612204530483
0 0 0.01 7 0.2658612204530483
0 0 0.01 7 0.2658612204530483
0 0 0.01 7 0.2658612204530483
0 0 0.01 7 0.2658612204530483
0 0 0.01 7 0.2658612204530483
..
----------------------------------------------------------------------
Ran 2 tests in 3341.751s

OK
..
----------------------------------------------------------------------
Ran 2 tests in 3341.751s

OK
..
----------------------------------------------------------------------
Ran 2 tests in 3341.758s

OK
..
----------------------------------------------------------------------
Ran 2 tests in 3341.770s

OK
..
----------------------------------------------------------------------
Ran 2 tests in 3341.771s

OK
..
----------------------------------------------------------------------
Ran 2 tests in 3341.767s

OK
..
----------------------------------------------------------------------
Ran 2 tests in 3341.823s

OK
..
----------------------------------------------------------------------
Ran 2 tests in 3341.792s

OK
..
----------------------------------------------------------------------
Ran 2 tests in 3341.856s

OK
..
----------------------------------------------------------------------
Ran 2 tests in 3341.744s

OK
..
----------------------------------------------------------------------
Ran 2 tests in 3341.781s

OK
0 0 0.01 7 0.2658612204530483
0 0 0.01 7 0.2658612204530483
..
----------------------------------------------------------------------
Ran 2 tests in 3341.749s

OK
..
----------------------------------------------------------------------
Ran 2 tests in 3341.761s

OK
0 0 0.01 7 0.2658612204530483
..
----------------------------------------------------------------------
Ran 2 tests in 3341.757s

OK
..
----------------------------------------------------------------------
Ran 2 tests in 3341.742s

OK
..0 0 0.01 7 0.2658612204530483
0 0 0.01 7 0.2658612204530483
..
----------------------------------------------------------------------
Ran 2 tests in 3341.761s

OK

----------------------------------------------------------------------
Ran 2 tests in 3341.761s

OK
0 0 0.01 7 0.2658612204530483
..0 0 0.01 7 0.2658612204530483

----------------------------------------------------------------------
Ran 2 tests in 3341.745s

OK
..
----------------------------------------------------------------------
Ran 2 tests in 3341.792s

OK
1.9482768972481868 1.948111265661218 0.01 7 0.2658612204530483

step size: 0.01
Adjoint FOM: 1.9521021082270102
Adjoint gradient: [762.96844005]

FD FOM: 1.9481940814547025
FD gradient: [0.008281579348434764]

0 0 0.01 7 0.2658612204530483
..
----------------------------------------------------------------------
Ran 2 tests in 3341.761s

OK
