Running in parallel on 20 cores
Now performing an optimization...
Running in parallel on 20 cores
Now performing an optimization...
Now performing an optimization...
Adjoint run differential: 1.0798327108516223e-07
Finite difference differential: 4.1926962079941177e-07
